---
source: tests/core/spec.rs
expression: errors
---
[
  {
    "message": "@protected operator is used but there is no @link definitions for auth providers",
    "trace": [
      "tests/execution/auth-protected-without-auth.md 6#36"
    ],
    "description": null
  }
]
