---
source: tests/core/spec.rs
expression: errors
---
[
  {
    "message": "expected type to be required",
    "trace": [
      "tests/execution/test-grpc-nested-optional.md 10#3"
    ],
    "description": null
  }
]
