---
source: tests/core/spec.rs
expression: errors
---
[
  {
    "message": "missing key: id",
    "trace": [
      "tests/execution/test-grpc-missing-fields.md 10#3"
    ],
    "description": null
  }
]
