---
source: tests/core/spec.rs
expression: errors
---
[
  {
    "message": "no argument 'input' found",
    "trace": [
      "tests/execution/test-field-already-implemented-from-Interface.md 15#14"
    ],
    "description": null
  },
  {
    "message": "Field is already implemented from interface",
    "trace": [
      "@modify"
    ],
    "description": null
  },
  {
    "message": "Field is already implemented from interface",
    "trace": [
      "@modify"
    ],
    "description": null
  }
]
