---
source: tests/core/spec.rs
expression: errors
---
[
  {
    "message": "No resolver has been found in the schema",
    "trace": [
      "tests/execution/test-missing-mutation-resolver.md 19#3"
    ],
    "description": null
  }
]
