---
source: tests/core/spec.rs
expression: errors
---
[
  {
    "message": "value 'nonNullableNestedUser' is not of a scalar type",
    "trace": [
      "tests/execution/test-directives-undef-null-fields.md 35#11"
    ],
    "description": null
  },
  {
    "message": "value 'id' is a nullable type",
    "trace": [
      "tests/execution/test-directives-undef-null-fields.md 39#11"
    ],
    "description": null
  },
  {
    "message": "no value 'nonNullableUser.nonNullableNestedUser.userId' found",
    "trace": [
      "tests/execution/test-directives-undef-null-fields.md 37#11"
    ],
    "description": null
  },
  {
    "message": "value 'nestedUser' is a nullable type",
    "trace": [
      "tests/execution/test-directives-undef-null-fields.md 33#11"
    ],
    "description": null
  },
  {
    "message": "no argument 'id' found",
    "trace": [
      "tests/execution/test-directives-undef-null-fields.md 28#23"
    ],
    "description": null
  },
  {
    "message": "unknown template directive 'Vale'",
    "trace": [
      "tests/execution/test-directives-undef-null-fields.md 29#36"
    ],
    "description": null
  },
  {
    "message": "value 'nonNullableUser' is not of a scalar type",
    "trace": [
      "tests/execution/test-directives-undef-null-fields.md 30#29"
    ],
    "description": null
  },
  {
    "message": "value 'userId' is a nullable type",
    "trace": [
      "tests/execution/test-directives-undef-null-fields.md 40#29"
    ],
    "description": null
  },
  {
    "message": "value 'user' is a nullable type",
    "trace": [
      "tests/execution/test-directives-undef-null-fields.md 31#28"
    ],
    "description": null
  },
  {
    "message": "no value 'userid' found",
    "trace": [
      "tests/execution/test-directives-undef-null-fields.md 44#34"
    ],
    "description": null
  },
  {
    "message": "no value 'userid' found",
    "trace": [
      "tests/execution/test-directives-undef-null-fields.md 47#27"
    ],
    "description": null
  },
  {
    "message": "var 'garbage' is not set in the server config",
    "trace": [
      "tests/execution/test-directives-undef-null-fields.md 17#11"
    ],
    "description": null
  },
  {
    "message": "can't use list type 'id' here",
    "trace": [
      "tests/execution/test-directives-undef-null-fields.md 18#37"
    ],
    "description": null
  },
  {
    "message": "argument 'id' is a nullable type",
    "trace": [
      "tests/execution/test-directives-undef-null-fields.md 19#39"
    ],
    "description": null
  },
  {
    "message": "no argument 'uid' found",
    "trace": [
      "tests/execution/test-directives-undef-null-fields.md 20#40"
    ],
    "description": null
  }
]
