---
source: tests/core/spec.rs
expression: errors
---
[
  {
    "message": "Cannot add field",
    "trace": [
      "Query",
      "@addField"
    ],
    "description": "Path [user, address, street] does not exist"
  }
]
