---
source: tests/core/spec.rs
expression: errors
---
[
  {
    "message": "expected field to be non-nullable",
    "trace": [
      "tests/execution/test-expr-error.md 11#14",
      "age"
    ],
    "description": null
  }
]
