---
source: tests/core/spec.rs
expression: errors
---
[
  {
    "message": "Couldn't find definitions for service news.YourServiceName",
    "trace": [
      "tests/execution/test-grpc-service.md 6#18"
    ],
    "description": null
  }
]
