---
source: tests/core/spec.rs
expression: errors
---
[
  {
    "message": "No resolver has been found in the schema",
    "trace": [
      "tests/execution/test-call-operator-errors.md 7#3"
    ],
    "description": null
  },
  {
    "message": "no argument 'id' found",
    "trace": [
      "tests/execution/test-call-operator-errors.md 22#39"
    ],
    "description": null
  },
  {
    "message": "no argument 'id' found",
    "trace": [
      "tests/execution/test-call-operator-errors.md 23#38"
    ],
    "description": null
  },
  {
    "message": "no argument 'id' found",
    "trace": [
      "tests/execution/test-call-operator-errors.md 21#31"
    ],
    "description": null
  },
  {
    "message": "call must have query or mutation",
    "trace": [
      "tests/execution/test-call-operator-errors.md 20#31"
    ],
    "description": null
  },
  {
    "message": "userWithoutResolver field has no resolver",
    "trace": [
      "tests/execution/test-call-operator-errors.md 7#3"
    ],
    "description": null
  }
]
