---
source: tests/core/spec.rs
expression: errors
---
[
  {
    "message": "GroupBy is only supported for GET requests",
    "trace": [
      "tests/execution/test-batch-operator-post.md 11#38"
    ],
    "description": null
  }
]
