---
source: tests/core/spec.rs
expression: errors
---
[
  {
    "message": "type is used in input and output",
    "trace": [
      "tests/execution/test-dbl-usage-many.md 10#1"
    ],
    "description": null
  },
  {
    "message": "type is used in input and output",
    "trace": [
      "tests/execution/test-dbl-usage-many.md 5#1"
    ],
    "description": null
  }
]
