---
source: tests/core/spec.rs
expression: errors
---
[
  {
    "message": "GroupBy can only be applied if batching is enabled",
    "trace": [
      "tests/execution/test-groupby-without-batching.md 11#24"
    ],
    "description": null
  }
]
