---
source: tests/core/spec.rs
expression: errors
---
[
  {
    "message": "No base URL defined",
    "trace": [
      "tests/execution/test-graphqlsource-no-base-url.md 7#14"
    ],
    "description": null
  }
]
