---
source: tests/core/spec.rs
expression: errors
---
[
  {
    "message": "no argument 'id' found",
    "trace": [
      "tests/execution/test-missing-argument-on-all-resolvers.md 26#72"
    ],
    "description": null
  },
  {
    "message": "no argument 'id' found",
    "trace": [
      "tests/execution/test-missing-argument-on-all-resolvers.md 24#75"
    ],
    "description": null
  },
  {
    "message": "no argument 'url' found",
    "trace": [
      "tests/execution/test-missing-argument-on-all-resolvers.md 25#71"
    ],
    "description": null
  },
  {
    "message": "no argument 'id' found",
    "trace": [
      "tests/execution/test-missing-argument-on-all-resolvers.md 21#48"
    ],
    "description": null
  },
  {
    "message": "no argument 'id' found",
    "trace": [
      "tests/execution/test-missing-argument-on-all-resolvers.md 22#51"
    ],
    "description": null
  },
  {
    "message": "no argument 'id' found",
    "trace": [
      "tests/execution/test-missing-argument-on-all-resolvers.md 23#24"
    ],
    "description": null
  }
]
