---
source: tests/core/spec.rs
expression: errors
---
[
  {
    "message": "Cannot add field",
    "trace": [
      "tests/execution/test-add-field-error.md 13#12"
    ],
    "description": "Path [user, address, street] does not exist"
  }
]
